../Core/Src/uart_practice.c:20:6:SendHelloWorldViaUART	40	static
../Core/Src/uart_practice.c:25:6:SendTextViaUART	16	static
../Core/Src/uart_practice.c:29:6:TXUARTCommunication	16	static
../Core/Src/uart_practice.c:36:6:RXUARTCommunication	8	static
../Core/Src/uart_practice.c:40:6:WaitForRXCommunication	16	static
../Core/Src/uart_practice.c:51:6:WaitForSIMCommunication	16	static
../Core/Src/uart_practice.c:58:6:JumpLineViaUART	16	static
../Core/Src/uart_practice.c:62:6:SendReceivedDataViaUART	16	static
../Core/Src/uart_practice.c:73:6:HandleLEDViaUART	24	static
../Core/Src/uart_practice.c:100:6:SIM800UART	24	static
../Core/Src/uart_practice.c:136:6:TurnONInternalLED	8	static
../Core/Src/uart_practice.c:140:6:TurnOFFInternalLED	8	static
../Core/Src/uart_practice.c:144:6:ClearBuffer	8	static
